[31m[ERROR] [1773558865.971296949]: Failed to connect to the CAN port[0m
[0m[INFO] [1773558865.970842662]: Successfully loaded the following parameters: 
 port_name: can0
 robot_model: ranger_mini_v2
 odom_frame: aft_mapped
 base_frame: base_link
 update_rate: 50
 odom_topic_name: odom
 publish_odom_tf: 1
[0m
... logging to /home/nuc531/.ros/log/953c0852-203e-11f1-b403-d9a1693d82d3/roslaunch-nuc531-NUC11TNKi5-5640.log
Checking log directory for disk usage. This may take a while.
Press Ctrl-C to interrupt
Done checking log file disk usage. Usage is <1GB.
]2;/home/nuc531/robot/range_ws/src/ranger_ros-main/ranger_bringup/launch/ranger_mini_v2.launch
[1mstarted roslaunch server http://nuc531-NUC11TNKi5:39379/[0m

SUMMARY
========

PARAMETERS
 * /ranger_base_node/base_frame: base_link
 * /ranger_base_node/odom_frame: aft_mapped
 * /ranger_base_node/odom_topic_name: odom
 * /ranger_base_node/port_name: can0
 * /ranger_base_node/publish_odom_tf: True
 * /ranger_base_node/robot_model: ranger_mini_v2
 * /ranger_base_node/update_rate: 50
 * /rosdistro: noetic
 * /rosversion: 1.17.4

NODES
  /
    ranger_base_node (ranger_base/ranger_base_node)

[1mROS_MASTER_URI=http://localhost:11311[0m
]2;/home/nuc531/robot/range_ws/src/ranger_ros-main/ranger_bringup/launch/ranger_mini_v2.launch http://localhost:11311
[1mprocess[ranger_base_node-1]: started with pid [5654][0m
[1m[ranger_base_node-1] process has finished cleanly
log file: /home/nuc531/.ros/log/953c0852-203e-11f1-b403-d9a1693d82d3/ranger_base_node-1*.log[0m
all processes on machine have died, roslaunch will exit
shutting down processing monitor...
... shutting down processing monitor complete
[1mdone[0m
