[33m[WARN] [1773558868.277752182]: TF lookup failed: "camera_init" passed to lookupTransform argument target_frame does not exist. [0m
[33m[WARN] [1773558869.280031566]: TF lookup failed: "camera_init" passed to lookupTransform argument target_frame does not exist. [0m
[33m[WARN] [1773558870.283399199]: TF lookup failed: "camera_init" passed to lookupTransform argument target_frame does not exist. [0m
[33m[WARN] [1773558871.286815131]: TF lookup failed: "camera_init" passed to lookupTransform argument target_frame does not exist. [0m
[33m[WARN] [1773558872.289977402]: TF lookup failed: "camera_init" passed to lookupTransform argument target_frame does not exist. [0m
[33m[WARN] [1773558873.293976270]: TF lookup failed: "camera_init" passed to lookupTransform argument target_frame does not exist. [0m
[33m[WARN] [1773558874.296681516]: TF lookup failed: "camera_init" passed to lookupTransform argument target_frame does not exist. [0m
[33m[WARN] [1773558875.300810442]: TF lookup failed: "camera_init" passed to lookupTransform argument target_frame does not exist. [0m
[33m[WARN] [1773558876.304414586]: TF lookup failed: "camera_init" passed to lookupTransform argument target_frame does not exist. [0m
[33m[WARN] [1773558877.307332074]: TF lookup failed: "camera_init" passed to lookupTransform argument target_frame does not exist. [0m
[33m[WARN] [1773558878.311065205]: TF lookup failed: "camera_init" passed to lookupTransform argument target_frame does not exist. [0m
[33m[WARN] [1773558879.314957139]: TF lookup failed: "camera_init" passed to lookupTransform argument target_frame does not exist. [0m
[33m[WARN] [1773558880.319435112]: TF lookup failed: "camera_init" passed to lookupTransform argument target_frame does not exist. [0m
[33m[WARN] [1773558881.321965496]: TF lookup failed: "camera_init" passed to lookupTransform argument target_frame does not exist. [0m
[33m[WARN] [1773558882.324599283]: TF lookup failed: "camera_init" passed to lookupTransform argument target_frame does not exist. [0m
[33m[WARN] [1773558883.327903526]: TF lookup failed: "camera_init" passed to lookupTransform argument target_frame does not exist. [0m
[33m[WARN] [1773558884.330945941]: TF lookup failed: "camera_init" passed to lookupTransform argument target_frame does not exist. [0m
[33m[WARN] [1773558885.334605851]: TF lookup failed: "camera_init" passed to lookupTransform argument target_frame does not exist. [0m
[33m[WARN] [1773558886.339850454]: TF lookup failed: "camera_init" passed to lookupTransform argument target_frame does not exist. [0m
[33m[WARN] [1773558887.343358208]: TF lookup failed: "camera_init" passed to lookupTransform argument target_frame does not exist. [0m
[33m[WARN] [1773558888.345811649]: TF lookup failed: "camera_init" passed to lookupTransform argument target_frame does not exist. [0m
[33m[WARN] [1773558889.349160669]: TF lookup failed: "camera_init" passed to lookupTransform argument target_frame does not exist. [0m
[33m[WARN] [1773558890.351493608]: TF lookup failed: "camera_init" passed to lookupTransform argument target_frame does not exist. [0m
[33m[WARN] [1773558891.354231936]: TF lookup failed: "camera_init" passed to lookupTransform argument target_frame does not exist. [0m
[33m[WARN] [1773558892.357714761]: TF lookup failed: "camera_init" passed to lookupTransform argument target_frame does not exist. [0m
[33m[WARN] [1773558893.361520184]: TF lookup failed: "camera_init" passed to lookupTransform argument target_frame does not exist. [0m
[33m[WARN] [1773558894.364222516]: TF lookup failed: "camera_init" passed to lookupTransform argument target_frame does not exist. [0m
[33m[WARN] [1773558895.366667235]: TF lookup failed: "camera_init" passed to lookupTransform argument target_frame does not exist. [0m
[33m[WARN] [1773558896.369507601]: TF lookup failed: "camera_init" passed to lookupTransform argument target_frame does not exist. [0m
[33m[WARN] [1773558897.373148819]: TF lookup failed: "camera_init" passed to lookupTransform argument target_frame does not exist. [0m
[33m[WARN] [1773558898.376191882]: TF lookup failed: "camera_init" passed to lookupTransform argument target_frame does not exist. [0m
[33m[WARN] [1773558899.378638853]: TF lookup failed: "camera_init" passed to lookupTransform argument target_frame does not exist. [0m
[33m[WARN] [1773558900.383912122]: TF lookup failed: "camera_init" passed to lookupTransform argument target_frame does not exist. [0m
[33m[WARN] [1773558901.386483236]: TF lookup failed: "camera_init" passed to lookupTransform argument target_frame does not exist. [0m
[33m[WARN] [1773558902.389108966]: TF lookup failed: "camera_init" passed to lookupTransform argument target_frame does not exist. [0m
[33m[WARN] [1773558903.394173869]: TF lookup failed: "camera_init" passed to lookupTransform argument target_frame does not exist. [0m
[33m[WARN] [1773558904.397016934]: TF lookup failed: "camera_init" passed to lookupTransform argument target_frame does not exist. [0m
[33m[WARN] [1773558905.399851785]: TF lookup failed: "camera_init" passed to lookupTransform argument target_frame does not exist. [0m
[33m[WARN] [1773558906.403234797]: TF lookup failed: "camera_init" passed to lookupTransform argument target_frame does not exist. [0m
[33m[WARN] [1773558907.406159861]: TF lookup failed: "camera_init" passed to lookupTransform argument target_frame does not exist. [0m
[33m[WARN] [1773558908.409559903]: TF lookup failed: "camera_init" passed to lookupTransform argument target_frame does not exist. [0m
[33m[WARN] [1773558909.413648179]: TF lookup failed: "camera_init" passed to lookupTransform argument target_frame does not exist. [0m
[33m[WARN] [1773558910.415703404]: TF lookup failed: "camera_init" passed to lookupTransform argument target_frame does not exist. [0m
[33m[WARN] [1773558911.419062523]: TF lookup failed: "camera_init" passed to lookupTransform argument target_frame does not exist. [0m
[33m[WARN] [1773558912.421973028]: TF lookup failed: "camera_init" passed to lookupTransform argument target_frame does not exist. [0m
[33m[WARN] [1773558913.425725688]: TF lookup failed: "camera_init" passed to lookupTransform argument target_frame does not exist. [0m
[33m[WARN] [1773558914.429275671]: TF lookup failed: "camera_init" passed to lookupTransform argument target_frame does not exist. [0m
[33m[WARN] [1773558915.432348069]: TF lookup failed: "camera_init" passed to lookupTransform argument target_frame does not exist. [0m
[33m[WARN] [1773558916.436743846]: TF lookup failed: "camera_init" passed to lookupTransform argument target_frame does not exist. [0m
[33m[WARN] [1773558917.440138537]: TF lookup failed: "camera_init" passed to lookupTransform argument target_frame does not exist. [0m
[33m[WARN] [1773558918.442121392]: TF lookup failed: "camera_init" passed to lookupTransform argument target_frame does not exist. [0m
[33m[WARN] [1773558919.444429870]: TF lookup failed: "camera_init" passed to lookupTransform argument target_frame does not exist. [0m
QFileSystemWatcher::removePaths: list is empty
QFileSystemWatcher::removePaths: list is empty
[0m[INFO] [1773558868.006538080]: === Path Smoothing Parameters ===[0m
[0m[INFO] [1773558868.007051167]:   Smoothing method: Circular fillets[0m
[0m[INFO] [1773558868.007066013]:   Min turn radius: 1.300 m[0m
[0m[INFO] [1773558868.007071989]:   Safety clearance: 0.150 m[0m
[0m[INFO] [1773558868.007076669]:   Effective radius: 1.450 m[0m
[0m[INFO] [1773558868.007081625]:   Sampling distance: 0.070 m[0m
[0m[INFO] [1773558868.007092043]: =================================[0m
[0m[INFO] [1773558868.007098338]: Attempting to load map from: /home/nuc531/robot/maps/processed_points.pcd[0m
[0m[INFO] [1773558868.007104113]: Loading map from PCD file: /home/nuc531/robot/maps/processed_points.pcd[0m
[0m[INFO] [1773558868.023264939]: Successfully loaded 731837 points from PCD file[0m
[0m[INFO] [1773558868.098942917]: Map initialized successfully with 731837 obstacle points[0m
[0m[INFO] [1773558868.098980002]: Map bounds: [-5.04, -79.51, -2.34] to [80.26, 77.89, 2.30][0m
... logging to /home/nuc531/.ros/log/953c0852-203e-11f1-b403-d9a1693d82d3/roslaunch-nuc531-NUC11TNKi5-5709.log
Checking log directory for disk usage. This may take a while.
Press Ctrl-C to interrupt
Done checking log file disk usage. Usage is <1GB.
]2;/home/nuc531/robot/putn_ws/src/putn-main/src/putn/putn_launch/launch/bringup.launch
[1mstarted roslaunch server http://nuc531-NUC11TNKi5:38431/[0m

SUMMARY
========

PARAMETERS
 * /global_planning_node/debug_mode: True
 * /global_planning_node/map/pcd_file_path: /home/nuc531/robo...
 * /global_planning_node/map/resolution: 0.1
 * /global_planning_node/planning/conv_thre: 0.1152
 * /global_planning_node/planning/fillet_clearance: 0.15
 * /global_planning_node/planning/fillet_ds: 0.07
 * /global_planning_node/planning/goal_thre: 0.8
 * /global_planning_node/planning/h_surf_car: 0.4
 * /global_planning_node/planning/max_initial_time: 600.0
 * /global_planning_node/planning/min_turn_radius: 1.3
 * /global_planning_node/planning/neighbor_radius: 1.2
 * /global_planning_node/planning/radius_fit_plane: 1.0
 * /global_planning_node/planning/ratio_max: 0.4
 * /global_planning_node/planning/ratio_min: 0.25
 * /global_planning_node/planning/step_size: 0.25
 * /global_planning_node/planning/use_clothoid: False
 * /global_planning_node/planning/w_fit_plane: 0.4
 * /global_planning_node/planning/w_flatness: 4000.0
 * /global_planning_node/planning/w_slope: 0.4
 * /global_planning_node/planning/w_sparsity: 0.4
 * /global_planning_node/smoothing/fillet_clearance: 0.15
 * /global_planning_node/smoothing/fillet_ds: 0.07
 * /global_planning_node/smoothing/min_turn_radius: 1.3
 * /global_planning_node/smoothing/use_clothoid: False
 * /rosdistro: noetic
 * /rosversion: 1.17.4
 * /waypoint_generator/waypoint_type: manual-lonely-way...

NODES
  /
    global_planning_node (putn/global_planning_node)
    rviz (rviz/rviz)
    waypoint_generator (waypoint_generator/waypoint_generator)

[1mROS_MASTER_URI=http://localhost:11311[0m
]2;/home/nuc531/robot/putn_ws/src/putn-main/src/putn/putn_launch/launch/bringup.launch http://localhost:11311
[1mprocess[waypoint_generator-1]: started with pid [5723][0m
[1mprocess[global_planning_node-2]: started with pid [5724][0m
[1mprocess[rviz-3]: started with pid [5729][0m
[rviz-3] killing on exit
[global_planning_node-2] killing on exit
[waypoint_generator-1] killing on exit
shutting down processing monitor...
... shutting down processing monitor complete
[1mdone[0m
